// Jest Snapshot v1, https://goo.gl/fbAQLP

exports[`TabularContacts should render without crashing 1`] = `
<div
  class="ant-table-wrapper"
>
  <div
    class="ant-spin-nested-loading"
  >
    <div
      class="ant-spin-container"
    >
      <div
        class="ant-table ant-table-fixed-column ant-table-scroll-horizontal ant-table-has-fix-left"
      >
        <div
          class="ant-table-container"
        >
          <div
            class="ant-table-content"
            style="overflow-x:auto;overflow-y:hidden"
          >
            <table
              style="width:100vw;min-width:100%;table-layout:fixed"
            >
              <colgroup>
                <col
                  style="width:80px;min-width:80px"
                />
                <col
                  style="width:155px;min-width:155px"
                />
                <col
                  style="width:250px;min-width:250px"
                />
                <col
                  style="width:155px;min-width:155px"
                />
                <col
                  style="width:155px;min-width:155px"
                />
                <col
                  style="width:250px;min-width:250px"
                />
                <col
                  style="width:155px;min-width:155px"
                />
              </colgroup>
              <thead
                class="ant-table-thead"
              >
                <tr>
                  <th
                    class="ant-table-cell ant-table-cell-fix-left ant-table-cell-fix-left-last"
                    style="position:sticky;left:0"
                  >
                    Avatar
                  </th>
                  <th
                    class="ant-table-cell ant-table-column-has-sorters"
                  >
                    <div
                      class="ant-table-column-sorters-with-tooltip"
                    >
                      <div
                        class="ant-table-column-sorters"
                      >
                        <span>
                          Full name
                        </span>
                        <span
                          class="ant-table-column-sorter ant-table-column-sorter-full"
                        >
                          <span
                            class="ant-table-column-sorter-inner"
                          >
                            <span
                              aria-label="caret-up"
                              class="anticon anticon-caret-up ant-table-column-sorter-up"
                              role="img"
                            >
                              <svg
                                aria-hidden="true"
                                class=""
                                data-icon="caret-up"
                                fill="currentColor"
                                focusable="false"
                                height="1em"
                                viewBox="0 0 1024 1024"
                                width="1em"
                              >
                                <path
                                  d="M858.9 689L530.5 308.2c-9.4-10.9-27.5-10.9-37 0L165.1 689c-12.2 14.2-1.2 35 18.5 35h656.8c19.7 0 30.7-20.8 18.5-35z"
                                />
                              </svg>
                            </span>
                            <span
                              aria-label="caret-down"
                              class="anticon anticon-caret-down ant-table-column-sorter-down"
                              role="img"
                            >
                              <svg
                                aria-hidden="true"
                                class=""
                                data-icon="caret-down"
                                fill="currentColor"
                                focusable="false"
                                height="1em"
                                viewBox="0 0 1024 1024"
                                width="1em"
                              >
                                <path
                                  d="M840.4 300H183.6c-19.7 0-30.7 20.8-18.5 35l328.4 380.8c9.4 10.9 27.5 10.9 37 0L858.9 335c12.2-14.2 1.2-35-18.5-35z"
                                />
                              </svg>
                            </span>
                          </span>
                        </span>
                      </div>
                    </div>
                  </th>
                  <th
                    class="ant-table-cell"
                  >
                    Birthday
                  </th>
                  <th
                    class="ant-table-cell"
                  >
                    Email
                  </th>
                  <th
                    class="ant-table-cell"
                  >
                    Phone
                  </th>
                  <th
                    class="ant-table-cell"
                  >
                    Location
                  </th>
                  <th
                    class="ant-table-cell"
                    style="text-align:right"
                  >
                    Nationality
                  </th>
                </tr>
              </thead>
              <tbody
                class="ant-table-tbody"
              >
                <tr
                  aria-hidden="true"
                  class="ant-table-measure-row"
                  style="height:0"
                >
                  <td
                    style="padding:0;border:0;height:0"
                  />
                  <td
                    style="padding:0;border:0;height:0"
                  />
                  <td
                    style="padding:0;border:0;height:0"
                  />
                  <td
                    style="padding:0;border:0;height:0"
                  />
                  <td
                    style="padding:0;border:0;height:0"
                  />
                  <td
                    style="padding:0;border:0;height:0"
                  />
                  <td
                    style="padding:0;border:0;height:0"
                  />
                </tr>
                <tr
                  class="ant-table-row ant-table-row-level-0"
                  data-row-key="0"
                >
                  <td
                    class="ant-table-cell ant-table-cell-fix-left ant-table-cell-fix-left-last"
                    style="position:sticky;left:0"
                  >
                    <span
                      class="ant-avatar ant-avatar-circle ant-avatar-image ant-avatar-icon"
                      style="width:40px;height:40px;line-height:40px;font-size:20px"
                    >
                      <img
                        src="https://randomuser.me/api/portraits/thumb/women/42.jpg"
                      />
                    </span>
                  </td>
                  <td
                    class="ant-table-cell"
                  >
                    Mrs Hazel Chen
                  </td>
                  <td
                    class="ant-table-cell"
                  >
                    <div>
                      Friday, 9/9/1977, 7:45:17 AM
                      <br />
                      43 years
                    </div>
                  </td>
                  <td
                    class="ant-table-cell"
                  >
                    <div
                      class="copyable--container"
                    >
                      <span
                        aria-label="copy"
                        class="anticon anticon-copy"
                        role="img"
                        style="color:#1890ff"
                        tabindex="-1"
                      >
                        <svg
                          aria-hidden="true"
                          class=""
                          data-icon="copy"
                          fill="currentColor"
                          focusable="false"
                          height="1em"
                          viewBox="64 64 896 896"
                          width="1em"
                        >
                          <path
                            d="M832 64H296c-4.4 0-8 3.6-8 8v56c0 4.4 3.6 8 8 8h496v688c0 4.4 3.6 8 8 8h56c4.4 0 8-3.6 8-8V96c0-17.7-14.3-32-32-32zM704 192H192c-17.7 0-32 14.3-32 32v530.7c0 8.5 3.4 16.6 9.4 22.6l173.3 173.3c2.2 2.2 4.7 4 7.4 5.5v1.9h4.2c3.5 1.3 7.2 2 11 2H704c17.7 0 32-14.3 32-32V224c0-17.7-14.3-32-32-32zM350 856.2L263.9 770H350v86.2zM664 888H414V746c0-22.1-17.9-40-40-40H232V264h432v624z"
                          />
                        </svg>
                      </span>
                      <a
                        class="ant-typography ant-typography-ellipsis"
                        href="mailto:hazel.chen@example.com"
                      >
                        hazel.chen@example.com
                      </a>
                    </div>
                  </td>
                  <td
                    class="ant-table-cell"
                  >
                    <div
                      class="copyable--container"
                    >
                      <span
                        aria-label="copy"
                        class="anticon anticon-copy"
                        role="img"
                        style="color:#1890ff"
                        tabindex="-1"
                      >
                        <svg
                          aria-hidden="true"
                          class=""
                          data-icon="copy"
                          fill="currentColor"
                          focusable="false"
                          height="1em"
                          viewBox="64 64 896 896"
                          width="1em"
                        >
                          <path
                            d="M832 64H296c-4.4 0-8 3.6-8 8v56c0 4.4 3.6 8 8 8h496v688c0 4.4 3.6 8 8 8h56c4.4 0 8-3.6 8-8V96c0-17.7-14.3-32-32-32zM704 192H192c-17.7 0-32 14.3-32 32v530.7c0 8.5 3.4 16.6 9.4 22.6l173.3 173.3c2.2 2.2 4.7 4 7.4 5.5v1.9h4.2c3.5 1.3 7.2 2 11 2H704c17.7 0 32-14.3 32-32V224c0-17.7-14.3-32-32-32zM350 856.2L263.9 770H350v86.2zM664 888H414V746c0-22.1-17.9-40-40-40H232V264h432v624z"
                          />
                        </svg>
                      </span>
                      <a
                        class="ant-typography ant-typography-ellipsis"
                        href="tel:(779)-242-0785"
                      >
                        (779)-242-0785
                      </a>
                    </div>
                  </td>
                  <td
                    class="ant-table-cell"
                  >
                    <div
                      class="copyable--container"
                    >
                      <span
                        aria-label="copy"
                        class="anticon anticon-copy"
                        role="img"
                        style="color:#1890ff"
                        tabindex="-1"
                      >
                        <svg
                          aria-hidden="true"
                          class=""
                          data-icon="copy"
                          fill="currentColor"
                          focusable="false"
                          height="1em"
                          viewBox="64 64 896 896"
                          width="1em"
                        >
                          <path
                            d="M832 64H296c-4.4 0-8 3.6-8 8v56c0 4.4 3.6 8 8 8h496v688c0 4.4 3.6 8 8 8h56c4.4 0 8-3.6 8-8V96c0-17.7-14.3-32-32-32zM704 192H192c-17.7 0-32 14.3-32 32v530.7c0 8.5 3.4 16.6 9.4 22.6l173.3 173.3c2.2 2.2 4.7 4 7.4 5.5v1.9h4.2c3.5 1.3 7.2 2 11 2H704c17.7 0 32-14.3 32-32V224c0-17.7-14.3-32-32-32zM350 856.2L263.9 770H350v86.2zM664 888H414V746c0-22.1-17.9-40-40-40H232V264h432v624z"
                          />
                        </svg>
                      </span>
                      <div
                        class="ant-typography ant-typography-ellipsis"
                      >
                        <strong>
                          /New Zealand/
                        </strong>
                        <br />
                        6257, Esmonde RoadTimaru, Wellington 27976
                      </div>
                    </div>
                  </td>
                  <td
                    class="ant-table-cell"
                    style="text-align:right"
                  >
                    <span
                      class="ant-tag ant-tag-has-color"
                      style="background-color:#9e1068"
                    >
                      New Zealander
                    </span>
                  </td>
                </tr>
                <tr
                  class="ant-table-row ant-table-row-level-0"
                  data-row-key="1"
                >
                  <td
                    class="ant-table-cell ant-table-cell-fix-left ant-table-cell-fix-left-last"
                    style="position:sticky;left:0"
                  >
                    <span
                      class="ant-avatar ant-avatar-circle ant-avatar-image ant-avatar-icon"
                      style="width:40px;height:40px;line-height:40px;font-size:20px"
                    >
                      <img
                        src="https://randomuser.me/api/portraits/thumb/men/7.jpg"
                      />
                    </span>
                  </td>
                  <td
                    class="ant-table-cell"
                  >
                    Mr Troy Lucas
                  </td>
                  <td
                    class="ant-table-cell"
                  >
                    <div>
                      Wednesday, 10/22/1958, 13:40:29 PM
                      <br />
                      62 years
                    </div>
                  </td>
                  <td
                    class="ant-table-cell"
                  >
                    <div
                      class="copyable--container"
                    >
                      <span
                        aria-label="copy"
                        class="anticon anticon-copy"
                        role="img"
                        style="color:#1890ff"
                        tabindex="-1"
                      >
                        <svg
                          aria-hidden="true"
                          class=""
                          data-icon="copy"
                          fill="currentColor"
                          focusable="false"
                          height="1em"
                          viewBox="64 64 896 896"
                          width="1em"
                        >
                          <path
                            d="M832 64H296c-4.4 0-8 3.6-8 8v56c0 4.4 3.6 8 8 8h496v688c0 4.4 3.6 8 8 8h56c4.4 0 8-3.6 8-8V96c0-17.7-14.3-32-32-32zM704 192H192c-17.7 0-32 14.3-32 32v530.7c0 8.5 3.4 16.6 9.4 22.6l173.3 173.3c2.2 2.2 4.7 4 7.4 5.5v1.9h4.2c3.5 1.3 7.2 2 11 2H704c17.7 0 32-14.3 32-32V224c0-17.7-14.3-32-32-32zM350 856.2L263.9 770H350v86.2zM664 888H414V746c0-22.1-17.9-40-40-40H232V264h432v624z"
                          />
                        </svg>
                      </span>
                      <a
                        class="ant-typography ant-typography-ellipsis"
                        href="mailto:troy.lucas@example.com"
                      >
                        troy.lucas@example.com
                      </a>
                    </div>
                  </td>
                  <td
                    class="ant-table-cell"
                  >
                    <div
                      class="copyable--container"
                    >
                      <span
                        aria-label="copy"
                        class="anticon anticon-copy"
                        role="img"
                        style="color:#1890ff"
                        tabindex="-1"
                      >
                        <svg
                          aria-hidden="true"
                          class=""
                          data-icon="copy"
                          fill="currentColor"
                          focusable="false"
                          height="1em"
                          viewBox="64 64 896 896"
                          width="1em"
                        >
                          <path
                            d="M832 64H296c-4.4 0-8 3.6-8 8v56c0 4.4 3.6 8 8 8h496v688c0 4.4 3.6 8 8 8h56c4.4 0 8-3.6 8-8V96c0-17.7-14.3-32-32-32zM704 192H192c-17.7 0-32 14.3-32 32v530.7c0 8.5 3.4 16.6 9.4 22.6l173.3 173.3c2.2 2.2 4.7 4 7.4 5.5v1.9h4.2c3.5 1.3 7.2 2 11 2H704c17.7 0 32-14.3 32-32V224c0-17.7-14.3-32-32-32zM350 856.2L263.9 770H350v86.2zM664 888H414V746c0-22.1-17.9-40-40-40H232V264h432v624z"
                          />
                        </svg>
                      </span>
                      <a
                        class="ant-typography ant-typography-ellipsis"
                        href="tel:07-3482-4477"
                      >
                        07-3482-4477
                      </a>
                    </div>
                  </td>
                  <td
                    class="ant-table-cell"
                  >
                    <div
                      class="copyable--container"
                    >
                      <span
                        aria-label="copy"
                        class="anticon anticon-copy"
                        role="img"
                        style="color:#1890ff"
                        tabindex="-1"
                      >
                        <svg
                          aria-hidden="true"
                          class=""
                          data-icon="copy"
                          fill="currentColor"
                          focusable="false"
                          height="1em"
                          viewBox="64 64 896 896"
                          width="1em"
                        >
                          <path
                            d="M832 64H296c-4.4 0-8 3.6-8 8v56c0 4.4 3.6 8 8 8h496v688c0 4.4 3.6 8 8 8h56c4.4 0 8-3.6 8-8V96c0-17.7-14.3-32-32-32zM704 192H192c-17.7 0-32 14.3-32 32v530.7c0 8.5 3.4 16.6 9.4 22.6l173.3 173.3c2.2 2.2 4.7 4 7.4 5.5v1.9h4.2c3.5 1.3 7.2 2 11 2H704c17.7 0 32-14.3 32-32V224c0-17.7-14.3-32-32-32zM350 856.2L263.9 770H350v86.2zM664 888H414V746c0-22.1-17.9-40-40-40H232V264h432v624z"
                          />
                        </svg>
                      </span>
                      <div
                        class="ant-typography ant-typography-ellipsis"
                      >
                        <strong>
                          /Australia/
                        </strong>
                        <br />
                        5314, Poplar DrHobart, South Australia 2836
                      </div>
                    </div>
                  </td>
                  <td
                    class="ant-table-cell"
                    style="text-align:right"
                  >
                    <span
                      class="ant-tag ant-tag-magenta"
                    >
                      Australian
                    </span>
                  </td>
                </tr>
                <tr
                  class="ant-table-row ant-table-row-level-0"
                  data-row-key="2"
                >
                  <td
                    class="ant-table-cell ant-table-cell-fix-left ant-table-cell-fix-left-last"
                    style="position:sticky;left:0"
                  >
                    <span
                      class="ant-avatar ant-avatar-circle ant-avatar-image ant-avatar-icon"
                      style="width:40px;height:40px;line-height:40px;font-size:20px"
                    >
                      <img
                        src="https://randomuser.me/api/portraits/thumb/women/86.jpg"
                      />
                    </span>
                  </td>
                  <td
                    class="ant-table-cell"
                  >
                    Mrs Angela Henry
                  </td>
                  <td
                    class="ant-table-cell"
                  >
                    <div>
                      Friday, 7/5/1968, 8:5:23 AM
                      <br />
                      52 years
                    </div>
                  </td>
                  <td
                    class="ant-table-cell"
                  >
                    <div
                      class="copyable--container"
                    >
                      <span
                        aria-label="copy"
                        class="anticon anticon-copy"
                        role="img"
                        style="color:#1890ff"
                        tabindex="-1"
                      >
                        <svg
                          aria-hidden="true"
                          class=""
                          data-icon="copy"
                          fill="currentColor"
                          focusable="false"
                          height="1em"
                          viewBox="64 64 896 896"
                          width="1em"
                        >
                          <path
                            d="M832 64H296c-4.4 0-8 3.6-8 8v56c0 4.4 3.6 8 8 8h496v688c0 4.4 3.6 8 8 8h56c4.4 0 8-3.6 8-8V96c0-17.7-14.3-32-32-32zM704 192H192c-17.7 0-32 14.3-32 32v530.7c0 8.5 3.4 16.6 9.4 22.6l173.3 173.3c2.2 2.2 4.7 4 7.4 5.5v1.9h4.2c3.5 1.3 7.2 2 11 2H704c17.7 0 32-14.3 32-32V224c0-17.7-14.3-32-32-32zM350 856.2L263.9 770H350v86.2zM664 888H414V746c0-22.1-17.9-40-40-40H232V264h432v624z"
                          />
                        </svg>
                      </span>
                      <a
                        class="ant-typography ant-typography-ellipsis"
                        href="mailto:angela.henry@example.com"
                      >
                        angela.henry@example.com
                      </a>
                    </div>
                  </td>
                  <td
                    class="ant-table-cell"
                  >
                    <div
                      class="copyable--container"
                    >
                      <span
                        aria-label="copy"
                        class="anticon anticon-copy"
                        role="img"
                        style="color:#1890ff"
                        tabindex="-1"
                      >
                        <svg
                          aria-hidden="true"
                          class=""
                          data-icon="copy"
                          fill="currentColor"
                          focusable="false"
                          height="1em"
                          viewBox="64 64 896 896"
                          width="1em"
                        >
                          <path
                            d="M832 64H296c-4.4 0-8 3.6-8 8v56c0 4.4 3.6 8 8 8h496v688c0 4.4 3.6 8 8 8h56c4.4 0 8-3.6 8-8V96c0-17.7-14.3-32-32-32zM704 192H192c-17.7 0-32 14.3-32 32v530.7c0 8.5 3.4 16.6 9.4 22.6l173.3 173.3c2.2 2.2 4.7 4 7.4 5.5v1.9h4.2c3.5 1.3 7.2 2 11 2H704c17.7 0 32-14.3 32-32V224c0-17.7-14.3-32-32-32zM350 856.2L263.9 770H350v86.2zM664 888H414V746c0-22.1-17.9-40-40-40H232V264h432v624z"
                          />
                        </svg>
                      </span>
                      <a
                        class="ant-typography ant-typography-ellipsis"
                        href="tel:0131 413 2855"
                      >
                        0131 413 2855
                      </a>
                    </div>
                  </td>
                  <td
                    class="ant-table-cell"
                  >
                    <div
                      class="copyable--container"
                    >
                      <span
                        aria-label="copy"
                        class="anticon anticon-copy"
                        role="img"
                        style="color:#1890ff"
                        tabindex="-1"
                      >
                        <svg
                          aria-hidden="true"
                          class=""
                          data-icon="copy"
                          fill="currentColor"
                          focusable="false"
                          height="1em"
                          viewBox="64 64 896 896"
                          width="1em"
                        >
                          <path
                            d="M832 64H296c-4.4 0-8 3.6-8 8v56c0 4.4 3.6 8 8 8h496v688c0 4.4 3.6 8 8 8h56c4.4 0 8-3.6 8-8V96c0-17.7-14.3-32-32-32zM704 192H192c-17.7 0-32 14.3-32 32v530.7c0 8.5 3.4 16.6 9.4 22.6l173.3 173.3c2.2 2.2 4.7 4 7.4 5.5v1.9h4.2c3.5 1.3 7.2 2 11 2H704c17.7 0 32-14.3 32-32V224c0-17.7-14.3-32-32-32zM350 856.2L263.9 770H350v86.2zM664 888H414V746c0-22.1-17.9-40-40-40H232V264h432v624z"
                          />
                        </svg>
                      </span>
                      <div
                        class="ant-typography ant-typography-ellipsis"
                      >
                        <strong>
                          /United Kingdom/
                        </strong>
                        <br />
                        6473, Park LaneYork, West Midlands M86 0DJ
                      </div>
                    </div>
                  </td>
                  <td
                    class="ant-table-cell"
                    style="text-align:right"
                  >
                    <span
                      class="ant-tag ant-tag-geekblue"
                    >
                      British
                    </span>
                  </td>
                </tr>
              </tbody>
            </table>
          </div>
        </div>
      </div>
      <ul
        class="ant-pagination ant-table-pagination ant-table-pagination-center"
        unselectable="unselectable"
      >
        <li
          aria-disabled="true"
          class="ant-pagination-prev ant-pagination-disabled"
          title="Previous Page"
        >
          <button
            class="ant-pagination-item-link"
            disabled=""
            tabindex="-1"
            type="button"
          >
            <span
              aria-label="left"
              class="anticon anticon-left"
              role="img"
            >
              <svg
                aria-hidden="true"
                class=""
                data-icon="left"
                fill="currentColor"
                focusable="false"
                height="1em"
                viewBox="64 64 896 896"
                width="1em"
              >
                <path
                  d="M724 218.3V141c0-6.7-7.7-10.4-12.9-6.3L260.3 486.8a31.86 31.86 0 000 50.3l450.8 352.1c5.3 4.1 12.9.4 12.9-6.3v-77.3c0-4.9-2.3-9.6-6.1-12.6l-360-281 360-281.1c3.8-3 6.1-7.7 6.1-12.6z"
                />
              </svg>
            </span>
          </button>
        </li>
        <li
          class="ant-pagination-item ant-pagination-item-1 ant-pagination-item-active"
          tabindex="0"
          title="1"
        >
          <a
            rel="nofollow"
          >
            1
          </a>
        </li>
        <li
          aria-disabled="true"
          class="ant-pagination-next ant-pagination-disabled"
          title="Next Page"
        >
          <button
            class="ant-pagination-item-link"
            disabled=""
            tabindex="-1"
            type="button"
          >
            <span
              aria-label="right"
              class="anticon anticon-right"
              role="img"
            >
              <svg
                aria-hidden="true"
                class=""
                data-icon="right"
                fill="currentColor"
                focusable="false"
                height="1em"
                viewBox="64 64 896 896"
                width="1em"
              >
                <path
                  d="M765.7 486.8L314.9 134.7A7.97 7.97 0 00302 141v77.3c0 4.9 2.3 9.6 6.1 12.6l360 281.1-360 281.1c-3.9 3-6.1 7.7-6.1 12.6V883c0 6.7 7.7 10.4 12.9 6.3l450.8-352.1a31.96 31.96 0 000-50.4z"
                />
              </svg>
            </span>
          </button>
        </li>
      </ul>
    </div>
  </div>
</div>
`;
