// Jest Snapshot v1, https://goo.gl/fbAQLP

exports[`Filters should render without crashing 1`] = `
<div
  class="box"
>
  <div
    class="ant-row ant-row-middle"
  >
    <div
      class="ant-col _flex-grow"
    >
      <div
        class="ant-row ant-row-middle"
        style="margin-left:-3px;margin-right:-3px;margin-top:-3px;margin-bottom:3px"
      >
        <div
          class="ant-col ant-col-xs-24 ant-col-lg-11"
          style="padding-left:3px;padding-right:3px;padding-top:3px;padding-bottom:3px"
        >
          <div
            class="ant-row"
          >
            <span
              class="ant-input-search ant-input-affix-wrapper ant-input-affix-wrapper-lg"
            >
              <input
                class="ant-input ant-input-lg"
                placeholder="Search by full name"
                type="text"
                value=""
              />
              <span
                class="ant-input-suffix"
              >
                <span
                  aria-label="search"
                  class="anticon anticon-search ant-input-search-icon"
                  role="img"
                  tabindex="-1"
                >
                  <svg
                    aria-hidden="true"
                    class=""
                    data-icon="search"
                    fill="currentColor"
                    focusable="false"
                    height="1em"
                    viewBox="64 64 896 896"
                    width="1em"
                  >
                    <path
                      d="M909.6 854.5L649.9 594.8C690.2 542.7 712 479 712 412c0-80.2-31.3-155.4-87.9-212.1-56.6-56.7-132-87.9-212.1-87.9s-155.5 31.3-212.1 87.9C143.2 256.5 112 331.8 112 412c0 80.1 31.3 155.5 87.9 212.1C256.5 680.8 331.8 712 412 712c67 0 130.6-21.8 182.7-62l259.7 259.6a8.2 8.2 0 0011.6 0l43.6-43.5a8.2 8.2 0 000-11.6zM570.4 570.4C528 612.7 471.8 636 412 636s-116-23.3-158.4-65.6C211.3 528 188 471.8 188 412s23.3-116.1 65.6-158.4C296 211.3 352.2 188 412 188s116.1 23.2 158.4 65.6S636 352.2 636 412s-23.3 116.1-65.6 158.4z"
                    />
                  </svg>
                </span>
              </span>
            </span>
          </div>
        </div>
        <div
          class="ant-col ant-col-xs-24 ant-col-sm-10 ant-col-lg-4"
          style="padding-left:3px;padding-right:3px;padding-top:3px;padding-bottom:3px"
        >
          <div
            class="ant-row"
          >
            <div
              class="ant-select ant-select-lg ant-select-single ant-select-allow-clear ant-select-show-arrow"
              style="width:100%"
            >
              <div
                class="ant-select-selector"
              >
                <span
                  class="ant-select-selection-search"
                >
                  <input
                    aria-activedescendant="genderSelect_list_0"
                    aria-autocomplete="list"
                    aria-controls="genderSelect_list"
                    aria-haspopup="listbox"
                    aria-owns="genderSelect_list"
                    autocomplete="off"
                    class="ant-select-selection-search-input"
                    id="genderSelect"
                    readonly=""
                    role="combobox"
                    style="opacity:0"
                    unselectable="on"
                    value=""
                  />
                </span>
                <span
                  class="ant-select-selection-placeholder"
                >
                  Gender
                </span>
              </div>
              <span
                aria-hidden="true"
                class="ant-select-arrow"
                style="user-select:none;-webkit-user-select:none"
                unselectable="on"
              >
                <span
                  aria-label="down"
                  class="anticon anticon-down ant-select-suffix"
                  role="img"
                >
                  <svg
                    aria-hidden="true"
                    class=""
                    data-icon="down"
                    fill="currentColor"
                    focusable="false"
                    height="1em"
                    viewBox="64 64 896 896"
                    width="1em"
                  >
                    <path
                      d="M884 256h-75c-5.1 0-9.9 2.5-12.9 6.6L512 654.2 227.9 262.6c-3-4.1-7.8-6.6-12.9-6.6h-75c-6.5 0-10.3 7.4-6.5 12.7l352.6 486.1c12.8 17.6 39 17.6 51.7 0l352.6-486.1c3.9-5.3.1-12.7-6.4-12.7z"
                    />
                  </svg>
                </span>
              </span>
            </div>
          </div>
        </div>
        <div
          class="ant-col ant-col-xs-24 ant-col-sm-14 ant-col-lg-5"
          style="padding-left:3px;padding-right:3px;padding-top:3px;padding-bottom:3px"
        >
          <div
            class="ant-row"
          >
            <div
              class="ant-select ant-select-lg ant-select-multiple ant-select-allow-clear ant-select-show-search"
              style="width:100%"
            >
              <div
                class="ant-select-selector"
              >
                <span
                  class="ant-select-selection-search"
                  style="width:0"
                >
                  <input
                    aria-activedescendant="natSelect_list_0"
                    aria-autocomplete="list"
                    aria-controls="natSelect_list"
                    aria-haspopup="listbox"
                    aria-owns="natSelect_list"
                    autocomplete="off"
                    class="ant-select-selection-search-input"
                    id="natSelect"
                    readonly=""
                    role="combobox"
                    style="opacity:0"
                    unselectable="on"
                    value=""
                  />
                  <span
                    aria-hidden="true"
                    class="ant-select-selection-search-mirror"
                  >
                    Â 
                  </span>
                </span>
                <span
                  class="ant-select-selection-placeholder"
                >
                  Nationality
                </span>
              </div>
            </div>
          </div>
        </div>
        <div
          class="ant-col ant-col-xs-24 ant-col-sm-6 ant-col-lg-4"
          style="padding-left:3px;padding-right:3px;padding-top:3px;padding-bottom:3px"
        >
          <div
            class="ant-row"
          >
            <label
              class="ant-checkbox-wrapper"
            >
              <span
                class="ant-checkbox"
              >
                <input
                  class="ant-checkbox-input"
                  type="checkbox"
                />
                <span
                  class="ant-checkbox-inner"
                />
              </span>
              <span>
                I am creator
              </span>
            </label>
          </div>
        </div>
      </div>
    </div>
    <div
      class="ant-col _flex-noshrink"
    >
      <div
        class="ant-row"
      >
        <button
          class="ant-btn ant-btn-link"
          type="button"
        >
          <span
            aria-label="close"
            class="anticon anticon-close"
            role="img"
          >
            <svg
              aria-hidden="true"
              class=""
              data-icon="close"
              fill="currentColor"
              focusable="false"
              height="1em"
              viewBox="64 64 896 896"
              width="1em"
            >
              <path
                d="M563.8 512l262.5-312.9c4.4-5.2.7-13.1-6.1-13.1h-79.8c-4.7 0-9.2 2.1-12.3 5.7L511.6 449.8 295.1 191.7c-3-3.6-7.5-5.7-12.3-5.7H203c-6.8 0-10.5 7.9-6.1 13.1L459.4 512 196.9 824.9A7.95 7.95 0 00203 838h79.8c4.7 0 9.2-2.1 12.3-5.7l216.5-258.1 216.5 258.1c3 3.6 7.5 5.7 12.3 5.7h79.8c6.8 0 10.5-7.9 6.1-13.1L563.8 512z"
              />
            </svg>
          </span>
          <span>
             Clear
          </span>
        </button>
      </div>
    </div>
  </div>
</div>
`;
