// Jest Snapshot v1, https://goo.gl/fbAQLP

exports[`Stats should render without crashing 1`] = `
<div
  class="box"
>
  <h3
    class="ant-typography"
  >
    Statistic
  </h3>
  <div
    class="ant-row"
    style="margin-left:-12px;margin-right:-12px"
  >
    <div
      class="ant-col _flex-noshrink"
      style="padding-left:12px;padding-right:12px"
    >
      <div
        class="ant-statistic"
      >
        <div
          class="ant-statistic-title"
        >
          Collection size
        </div>
        <div
          class="ant-statistic-content"
        >
          <span
            class="ant-statistic-content-value"
          >
            <span
              class="ant-statistic-content-value-int"
            >
              3
            </span>
          </span>
        </div>
      </div>
    </div>
    <div
      class="ant-col _flex-noshrink"
      style="padding-left:12px;padding-right:12px"
    >
      <div
        class="ant-row"
        style="margin-left:-6px;margin-right:-6px"
      >
        <div
          class="ant-col ant-col-6"
          style="padding-left:6px;padding-right:6px"
        >
          <div
            class="ant-statistic"
          >
            <div
              class="ant-statistic-title"
            >
              Males
            </div>
            <div
              class="ant-statistic-content"
            >
              <span
                class="ant-statistic-content-value"
              >
                <span
                  class="ant-statistic-content-value-int"
                >
                  1
                </span>
              </span>
            </div>
          </div>
        </div>
        <div
          class="ant-col ant-col-6"
          style="padding-left:6px;padding-right:6px"
        >
          <div
            class="ant-statistic"
          >
            <div
              class="ant-statistic-title"
            >
              Females
            </div>
            <div
              class="ant-statistic-content"
            >
              <span
                class="ant-statistic-content-value"
              >
                <span
                  class="ant-statistic-content-value-int"
                >
                  2
                </span>
              </span>
            </div>
          </div>
        </div>
        <div
          class="ant-col ant-col-6"
          style="padding-left:6px;padding-right:6px"
        >
          <div
            class="ant-statistic"
          >
            <div
              class="ant-statistic-title"
            >
              Indeterminate
            </div>
            <div
              class="ant-statistic-content"
            >
              <span
                class="ant-statistic-content-value"
              >
                <span
                  class="ant-statistic-content-value-int"
                >
                  0
                </span>
              </span>
            </div>
          </div>
        </div>
        <div
          class="ant-col ant-col-24"
          style="padding-left:6px;padding-right:6px"
        >
          <span
            class="ant-typography"
          >
            <mark>
              Female predominate
            </mark>
          </span>
        </div>
      </div>
    </div>
  </div>
  <br />
  <div
    class="ant-row"
  >
    <div
      class="ant-descriptions"
    >
      <div
        class="ant-descriptions-header"
      >
        <div
          class="ant-descriptions-title"
        >
          Nationalities
        </div>
      </div>
      <div
        class="ant-descriptions-view"
      >
        <table>
          <tbody>
            <tr
              class="ant-descriptions-row"
            >
              <td
                class="ant-descriptions-item"
                colspan="1"
              >
                <span
                  class="ant-descriptions-item-label"
                >
                  New Zealander
                </span>
                <span
                  class="ant-descriptions-item-content"
                >
                  1 contacts
                </span>
              </td>
              <td
                class="ant-descriptions-item"
                colspan="1"
              >
                <span
                  class="ant-descriptions-item-label"
                >
                  British
                </span>
                <span
                  class="ant-descriptions-item-content"
                >
                  1 contacts
                </span>
              </td>
              <td
                class="ant-descriptions-item"
                colspan="1"
              >
                <span
                  class="ant-descriptions-item-label"
                >
                  Australian
                </span>
                <span
                  class="ant-descriptions-item-content"
                >
                  1 contacts
                </span>
              </td>
            </tr>
          </tbody>
        </table>
      </div>
    </div>
  </div>
</div>
`;
